// Jest Snapshot v1, https://goo.gl/fbAQLP

exports[`Login Comp it should matches to snapshot 1`] = `
<View
  onLayout={[Function]}
  style={
    Array [
      Object {
        "backgroundColor": "#E5E5E5",
        "flexGrow": 1,
      },
      Object {
        "paddingBottom": 0,
      },
    ]
  }
>
  <View
    accessible={true}
    focusable={true}
    onClick={[Function]}
    onResponderGrant={[Function]}
    onResponderMove={[Function]}
    onResponderRelease={[Function]}
    onResponderTerminate={[Function]}
    onResponderTerminationRequest={[Function]}
    onStartShouldSetResponder={[Function]}
    style={
      Object {
        "alignItems": "center",
        "paddingTop": 20,
      }
    }
    testID="loginView"
  >
    <View
      style={
        Array [
          Object {
            "alignItems": "center",
            "backgroundColor": "#F6F6F6",
            "borderColor": "#E8E8E8",
            "borderRadius": 10,
            "borderWidth": 1,
            "flexDirection": "row",
            "justifyContent": "space-between",
            "marginVertical": 10,
            "width": "90%",
          },
          undefined,
          undefined,
        ]
      }
    >
      <TextInput
        blurOnSubmit={false}
        focusable={true}
        keyboardType="email-address"
        onChangeText={[Function]}
        onSubmitEditing={[Function]}
        placeholder="Email"
        placeholderTextColor="#000000"
        returnKeyType="next"
        style={
          Array [
            Object {
              "color": "#000000",
              "flexBasis": "100%",
              "fontFamily": "Roboto-Regular",
              "fontSize": 16,
              "height": 50,
              "paddingHorizontal": 10,
            },
            undefined,
          ]
        }
        testID="emailInput"
        value=""
      />
    </View>
    <View
      style={
        Array [
          Object {
            "alignItems": "center",
            "backgroundColor": "#F6F6F6",
            "borderColor": "#E8E8E8",
            "borderRadius": 10,
            "borderWidth": 1,
            "flexDirection": "row",
            "justifyContent": "space-between",
            "marginVertical": 10,
            "width": "90%",
          },
          undefined,
          undefined,
        ]
      }
    >
      <TextInput
        blurOnSubmit={false}
        focusable={true}
        onChangeText={[Function]}
        onSubmitEditing={[Function]}
        placeholder="Password"
        placeholderTextColor="#000000"
        returnKeyType="next"
        secureTextEntry={true}
        style={
          Array [
            Object {
              "color": "#000000",
              "flexBasis": "100%",
              "fontFamily": "Roboto-Regular",
              "fontSize": 16,
              "height": 50,
              "paddingHorizontal": 10,
            },
            undefined,
          ]
        }
        testID="passwordInput"
        value=""
      />
    </View>
    <View
      accessible={true}
      collapsable={false}
      focusable={true}
      onClick={[Function]}
      onResponderGrant={[Function]}
      onResponderMove={[Function]}
      onResponderRelease={[Function]}
      onResponderTerminate={[Function]}
      onResponderTerminationRequest={[Function]}
      onStartShouldSetResponder={[Function]}
      style={
        Object {
          "alignItems": "center",
          "backgroundColor": "#4C96D6",
          "borderRadius": 25,
          "elevation": 5,
          "height": 50,
          "justifyContent": "center",
          "marginTop": 30,
          "opacity": 1,
          "shadowColor": "black",
          "shadowOffset": Object {
            "height": 2,
            "width": 0,
          },
          "shadowOpacity": 0.26,
          "shadowRadius": 8,
          "width": "90%",
        }
      }
      testID="onPress"
    >
      <Text
        allowFontScaling={false}
        style={
          Object {
            "color": "#fff",
            "fontFamily": "Roboto-Regular",
            "fontSize": 16,
          }
        }
        testID="title"
      >
        Login
      </Text>
    </View>
    <View
      style={
        Object {
          "flexDirection": "row",
          "marginVertical": 20,
        }
      }
    >
      <Text
        allowFontScaling={false}
        style={
          Object {
            "color": "#000000",
            "fontFamily": "Roboto-Bold",
            "fontSize": 16,
            "marginHorizontal": 2,
          }
        }
      >
        Donâ€™t have an account ?
      </Text>
      <View
        accessible={true}
        collapsable={false}
        focusable={true}
        onClick={[Function]}
        onResponderGrant={[Function]}
        onResponderMove={[Function]}
        onResponderRelease={[Function]}
        onResponderTerminate={[Function]}
        onResponderTerminationRequest={[Function]}
        onStartShouldSetResponder={[Function]}
        style={
          Object {
            "opacity": 1,
          }
        }
        testID="signUpButton"
      >
        <Text
          allowFontScaling={false}
          style={
            Array [
              Object {
                "color": "#000000",
                "fontFamily": "Roboto-Bold",
                "fontSize": 16,
                "marginHorizontal": 2,
              },
              Object {
                "color": "#4C96D6",
              },
            ]
          }
        >
          Sign up
        </Text>
      </View>
    </View>
    <View
      style={
        Object {
          "alignItems": "center",
          "marginTop": 20,
          "width": "100%",
        }
      }
    >
      <Text
        allowFontScaling={false}
        style={
          Object {
            "color": "#000000",
            "fontFamily": "Roboto-Bold",
            "fontSize": 16,
            "marginHorizontal": 2,
          }
        }
      >
        Login with
      </Text>
      <View
        style={
          Object {
            "alignItems": "center",
            "flexDirection": "row",
            "justifyContent": "center",
            "marginTop": 10,
          }
        }
      >
        <View
          accessible={true}
          collapsable={false}
          focusable={true}
          onClick={[Function]}
          onResponderGrant={[Function]}
          onResponderMove={[Function]}
          onResponderRelease={[Function]}
          onResponderTerminate={[Function]}
          onResponderTerminationRequest={[Function]}
          onStartShouldSetResponder={[Function]}
          style={
            Object {
              "marginHorizontal": 10,
              "opacity": 1,
            }
          }
        >
          <Image
            source={
              Object {
                "testUri": "../../../src/assets/images/googleImg.jpg",
              }
            }
            style={
              Object {
                "height": 40,
                "width": 40,
              }
            }
          />
        </View>
        <View
          accessible={true}
          collapsable={false}
          focusable={true}
          onClick={[Function]}
          onResponderGrant={[Function]}
          onResponderMove={[Function]}
          onResponderRelease={[Function]}
          onResponderTerminate={[Function]}
          onResponderTerminationRequest={[Function]}
          onStartShouldSetResponder={[Function]}
          style={
            Object {
              "marginHorizontal": 10,
              "opacity": 1,
            }
          }
        >
          <Image
            source={
              Object {
                "testUri": "../../../src/assets/images/facebookImg.jpg",
              }
            }
            style={
              Object {
                "height": 40,
                "width": 40,
              }
            }
          />
        </View>
      </View>
    </View>
  </View>
</View>
`;
